##########################################
# (1) LINK INFORMATION                   #
##########################################
c:\program files (x86)\renesas\hew\tools\renesas\nc30wa\v544r00\bin\ln30.exe @C:\WorkSpace\Tutor2\Tutor2\Debug\Tutor2.m16cl

# ID CODE DATA
.ID  "#FFFFFFFFFFFFFF"

# ROM CODE PROTECT DATA
.PROTECT  FFH

# LINK FILE INFORMATION
ncrt0 (C:\WorkSpace\Tutor2\Tutor2\Debug\ncrt0.r30)
	Feb 13 13:33:17 2018

Interrupts (C:\WorkSpace\Tutor2\Tutor2\Debug\Interrupts.r30)
	Feb 13 13:33:16 2018

LCD (C:\WorkSpace\Tutor2\Tutor2\Debug\LCD.r30)
	Feb 13 13:33:16 2018

MCUInit (C:\WorkSpace\Tutor2\Tutor2\Debug\MCUInit.r30)
	Feb 13 13:33:17 2018

QSK62P (C:\WorkSpace\Tutor2\Tutor2\Debug\QSK62P.r30)
	Feb 13 13:33:17 2018

_f8add (c:\program files (x86)\renesas\hew\tools\renesas\nc30wa\v544r00\lib30\nc30lib.lib)
	Nov  8 18:36:40 2007

_f8ge (c:\program files (x86)\renesas\hew\tools\renesas\nc30wa\v544r00\lib30\nc30lib.lib)
	Nov  8 18:36:40 2007

_f8mul (c:\program files (x86)\renesas\hew\tools\renesas\nc30wa\v544r00\lib30\nc30lib.lib)
	Nov  8 18:36:41 2007

_f8sub (c:\program files (x86)\renesas\hew\tools\renesas\nc30wa\v544r00\lib30\nc30lib.lib)
	Nov  8 18:36:41 2007

_f8toi4u (c:\program files (x86)\renesas\hew\tools\renesas\nc30wa\v544r00\lib30\nc30lib.lib)
	Nov  8 18:36:42 2007

_ftol (c:\program files (x86)\renesas\hew\tools\renesas\nc30wa\v544r00\lib30\nc30lib.lib)
	Nov  8 18:36:42 2007

_i4divu (c:\program files (x86)\renesas\hew\tools\renesas\nc30wa\v544r00\lib30\nc30lib.lib)
	Nov  8 18:36:42 2007

_i4modu (c:\program files (x86)\renesas\hew\tools\renesas\nc30wa\v544r00\lib30\nc30lib.lib)
	Nov  8 18:36:43 2007

_i4mulu (c:\program files (x86)\renesas\hew\tools\renesas\nc30wa\v544r00\lib30\nc30lib.lib)
	Nov  8 18:36:43 2007

_i4utof8 (c:\program files (x86)\renesas\hew\tools\renesas\nc30wa\v544r00\lib30\nc30lib.lib)
	Nov  8 18:36:43 2007

_ltof (c:\program files (x86)\renesas\hew\tools\renesas\nc30wa\v544r00\lib30\nc30lib.lib)
	Nov  8 18:36:44 2007

mdata (c:\program files (x86)\renesas\hew\tools\renesas\nc30wa\v544r00\lib30\nc30lib.lib)
	Nov  8 18:36:57 2007

_f8ltor (c:\program files (x86)\renesas\hew\tools\renesas\nc30wa\v544r00\lib30\nc30lib.lib)
	Nov  8 18:36:41 2007

_f8rtol (c:\program files (x86)\renesas\hew\tools\renesas\nc30wa\v544r00\lib30\nc30lib.lib)
	Nov  8 18:36:41 2007


##########################################
# (2) SECTION INFORMATION                #
##########################################
# SECTION                        ATR TYPE    START  LENGTH ALIGN MODULENAME
data_SE                          ABS DATA    000480 000000       ncrt0
bss_SE                           REL DATA    000480 000000 2     ncrt0
data_SO                          REL DATA    000480 000000       ncrt0
bss_SO                           REL DATA    000480 000000       ncrt0
data_NE                          REL DATA    000480 000000 2     ncrt0
                                 REL DATA    000480 000010 2     mdata
bss_NE                           REL DATA    000490 000000 2     ncrt0
                                 REL DATA    000490 000008 2     QSK62P
                                 REL DATA    000498 000008 2     mdata
data_NO                          REL DATA    0004A0 000000       ncrt0
                                 REL DATA    0004A0 000001       LCD
bss_NO                           REL DATA    0004A1 000000       ncrt0
                                 REL DATA    0004A1 000001       QSK62P
stack                            REL DATA    0004A2 000600 2     ncrt0
heap                             REL DATA    000AA2 000300       ncrt0
rom_NE                           ABS ROMDATA 00F000 000000       ncrt0
rom_NO                           REL ROMDATA 00F000 000000       ncrt0
rom_FE                           ABS ROMDATA 0F4000 000000       ncrt0
rom_FO                           REL ROMDATA 0F4000 000000       ncrt0
                                 REL ROMDATA 0F4000 000012       LCD
                                 REL ROMDATA 0F4012 000049       QSK62P
data_SEI                         REL ROMDATA 0F405C 000000 2     ncrt0
data_SOI                         REL ROMDATA 0F405C 000000       ncrt0
data_NEI                         REL ROMDATA 0F405C 000000 2     ncrt0
                                 REL ROMDATA 0F405C 000010       mdata
data_NOI                         REL ROMDATA 0F406C 000000       ncrt0
                                 REL ROMDATA 0F406C 000001       LCD
program                          REL CODE    0F406E 000000 2     ncrt0
                                 REL CODE    0F406E 000095 2     Interrupts
                                 REL CODE    0F4104 000800 2     LCD
                                 REL CODE    0F4904 00006D 2     MCUInit
                                 REL CODE    0F4972 000133 2     QSK62P
                                 REL CODE    0F4AA6 00091B 2     _f8add
                                 REL CODE    0F53C2 0000A7 2     _f8ge
                                 REL CODE    0F546A 0002C7 2     _f8mul
                                 REL CODE    0F5732 000028 2     _f8sub
                                 REL CODE    0F575A 000025 2     _f8toi4u
                                 REL CODE    0F5780 000111 2     _ftol
                                 REL CODE    0F5892 00004D 2     _i4divu
                                 REL CODE    0F58E0 00004B 2     _i4modu
                                 REL CODE    0F592C 00001C 2     _i4mulu
                                 REL CODE    0F5948 000022 2     _i4utof8
                                 REL CODE    0F596A 0000D4 2     _ltof
                                 REL CODE    0F5A3E 000054 2     _f8ltor
                                 REL CODE    0F5A92 000041 2     _f8rtol
interrupt                        REL CODE    0F5AD4 000000 2     ncrt0
                                 REL CODE    0F5AD4 0000A7       ncrt0
program_S                        REL CODE    0F5B7C 000000 2     ncrt0
vector                           ABS ROMDATA 0FFD00 000100       ncrt0
fvector                          ABS ROMDATA 0FFFDC 000024       ncrt0
# Total -------------------------------------------------------------------
                                     DATA           000922(0002338) Byte(s)
                                     ROMDATA        000190(0000400) Byte(s)
                                     CODE           001B0C(0006924) Byte(s)

##########################################
# (3) GLOBAL LABEL INFORMATION           #
##########################################
$BNSPutch          0f4772  $DisplayString     0f47ca  $LCD_write         0f4828
$_f8ltor           0f5a3e  $_f8rtol           0f5a92  $_ftol             0f5780
$_ltof             0f596a  $exit              0f5b78  _A2DInterrupt      0f406e
_A2DProcessed      0004a1  _A2DValue          000492  _A2DValuePot       000494
_A2DValueTherm     000496  _BNSPrintf         0f41c2  _DMA0Interrupt     0f407a
_DisplayDelay      0f48d6  _InitDisplay       0f4104  _InitUART          0f4948
_KeyBoardInterru   0f40e6  _LEDDisplay        0f4a5c  _MCUInit           0f4904
_RTCInterrupt      0f40f2  _TimerA1Interrup   0f409c  _TimerA2Interrup   0f40e0
_TimerB0Interrup   0f40f8  _UART0ReceiveInt   0f4080  _UART0TransmitIn   0f4074
_WakeUpInterrupt   0f40ec  _WatchDogInterru   0f40fe  __f8add            0f4aa6
__f8ge             0f53c2  __f8mul            0f546a  __f8sub            0f5732
__f8toi4U          0f575a  __i4Utof8          0f5948  __i4divU           0f5892
__i4modU           0f58e0  __i4mulU           0f592c  __memt             000488
__mnext            000498  __msize            00049c  __pool             000480
_disp_count        000490  _exit              0f5b78  _main              0f4972
dummy_int          0f5b7a  start              0f5ad4  

##########################################
# (4) GLOBAL EQU SYMBOL INFORMATION      #
##########################################
__SB__           00000480  

##########################################
# (5) GLOBAL EQU BIT-SYMBOL INFORMATION  #
##########################################

##########################################
# (6) LOCAL LABEL INFORMATION            #
##########################################
@ ncrt0 ( C:\WorkSpace\Tutor2\Tutor2\Debug\ncrt0.r30 )
@ Interrupts ( C:\WorkSpace\Tutor2\Tutor2\Debug\Interrupts.r30 )
@ LCD ( C:\WorkSpace\Tutor2\Tutor2\Debug\LCD.r30 )
@ MCUInit ( C:\WorkSpace\Tutor2\Tutor2\Debug\MCUInit.r30 )
@ QSK62P ( C:\WorkSpace\Tutor2\Tutor2\Debug\QSK62P.r30 )
@ _f8add ( c:\program files (x86)\renesas\hew\tools\renesas\nc30wa\v544r00\lib30\nc30lib.lib )
@ _f8ge ( c:\program files (x86)\renesas\hew\tools\renesas\nc30wa\v544r00\lib30\nc30lib.lib )
@ _f8mul ( c:\program files (x86)\renesas\hew\tools\renesas\nc30wa\v544r00\lib30\nc30lib.lib )
@ _f8sub ( c:\program files (x86)\renesas\hew\tools\renesas\nc30wa\v544r00\lib30\nc30lib.lib )
@ _f8toi4u ( c:\program files (x86)\renesas\hew\tools\renesas\nc30wa\v544r00\lib30\nc30lib.lib )
@ _ftol ( c:\program files (x86)\renesas\hew\tools\renesas\nc30wa\v544r00\lib30\nc30lib.lib )
@ _i4divu ( c:\program files (x86)\renesas\hew\tools\renesas\nc30wa\v544r00\lib30\nc30lib.lib )
@ _i4modu ( c:\program files (x86)\renesas\hew\tools\renesas\nc30wa\v544r00\lib30\nc30lib.lib )
@ _i4mulu ( c:\program files (x86)\renesas\hew\tools\renesas\nc30wa\v544r00\lib30\nc30lib.lib )
@ _i4utof8 ( c:\program files (x86)\renesas\hew\tools\renesas\nc30wa\v544r00\lib30\nc30lib.lib )
@ _ltof ( c:\program files (x86)\renesas\hew\tools\renesas\nc30wa\v544r00\lib30\nc30lib.lib )
@ mdata ( c:\program files (x86)\renesas\hew\tools\renesas\nc30wa\v544r00\lib30\nc30lib.lib )
@ _f8ltor ( c:\program files (x86)\renesas\hew\tools\renesas\nc30wa\v544r00\lib30\nc30lib.lib )
@ _f8rtol ( c:\program files (x86)\renesas\hew\tools\renesas\nc30wa\v544r00\lib30\nc30lib.lib )

##########################################
# (7) LOCAL EQU SYMBOL INFORMATION       #
##########################################
@ ncrt0 ( C:\WorkSpace\Tutor2\Tutor2\Debug\ncrt0.r30 )
@ Interrupts ( C:\WorkSpace\Tutor2\Tutor2\Debug\Interrupts.r30 )
@ LCD ( C:\WorkSpace\Tutor2\Tutor2\Debug\LCD.r30 )
@ MCUInit ( C:\WorkSpace\Tutor2\Tutor2\Debug\MCUInit.r30 )
@ QSK62P ( C:\WorkSpace\Tutor2\Tutor2\Debug\QSK62P.r30 )
@ _f8add ( c:\program files (x86)\renesas\hew\tools\renesas\nc30wa\v544r00\lib30\nc30lib.lib )
@ _f8ge ( c:\program files (x86)\renesas\hew\tools\renesas\nc30wa\v544r00\lib30\nc30lib.lib )
@ _f8mul ( c:\program files (x86)\renesas\hew\tools\renesas\nc30wa\v544r00\lib30\nc30lib.lib )
@ _f8sub ( c:\program files (x86)\renesas\hew\tools\renesas\nc30wa\v544r00\lib30\nc30lib.lib )
@ _f8toi4u ( c:\program files (x86)\renesas\hew\tools\renesas\nc30wa\v544r00\lib30\nc30lib.lib )
@ _ftol ( c:\program files (x86)\renesas\hew\tools\renesas\nc30wa\v544r00\lib30\nc30lib.lib )
@ _i4divu ( c:\program files (x86)\renesas\hew\tools\renesas\nc30wa\v544r00\lib30\nc30lib.lib )
@ _i4modu ( c:\program files (x86)\renesas\hew\tools\renesas\nc30wa\v544r00\lib30\nc30lib.lib )
@ _i4mulu ( c:\program files (x86)\renesas\hew\tools\renesas\nc30wa\v544r00\lib30\nc30lib.lib )
@ _i4utof8 ( c:\program files (x86)\renesas\hew\tools\renesas\nc30wa\v544r00\lib30\nc30lib.lib )
@ _ltof ( c:\program files (x86)\renesas\hew\tools\renesas\nc30wa\v544r00\lib30\nc30lib.lib )
@ mdata ( c:\program files (x86)\renesas\hew\tools\renesas\nc30wa\v544r00\lib30\nc30lib.lib )
@ _f8ltor ( c:\program files (x86)\renesas\hew\tools\renesas\nc30wa\v544r00\lib30\nc30lib.lib )
@ _f8rtol ( c:\program files (x86)\renesas\hew\tools\renesas\nc30wa\v544r00\lib30\nc30lib.lib )

##########################################
# (8) LOCAL EQU BIT-SYMBOL INFORMATION   #
##########################################
@ ncrt0 ( C:\WorkSpace\Tutor2\Tutor2\Debug\ncrt0.r30 )
@ Interrupts ( C:\WorkSpace\Tutor2\Tutor2\Debug\Interrupts.r30 )
@ LCD ( C:\WorkSpace\Tutor2\Tutor2\Debug\LCD.r30 )
@ MCUInit ( C:\WorkSpace\Tutor2\Tutor2\Debug\MCUInit.r30 )
@ QSK62P ( C:\WorkSpace\Tutor2\Tutor2\Debug\QSK62P.r30 )
@ _f8add ( c:\program files (x86)\renesas\hew\tools\renesas\nc30wa\v544r00\lib30\nc30lib.lib )
@ _f8ge ( c:\program files (x86)\renesas\hew\tools\renesas\nc30wa\v544r00\lib30\nc30lib.lib )
@ _f8mul ( c:\program files (x86)\renesas\hew\tools\renesas\nc30wa\v544r00\lib30\nc30lib.lib )
@ _f8sub ( c:\program files (x86)\renesas\hew\tools\renesas\nc30wa\v544r00\lib30\nc30lib.lib )
@ _f8toi4u ( c:\program files (x86)\renesas\hew\tools\renesas\nc30wa\v544r00\lib30\nc30lib.lib )
@ _ftol ( c:\program files (x86)\renesas\hew\tools\renesas\nc30wa\v544r00\lib30\nc30lib.lib )
@ _i4divu ( c:\program files (x86)\renesas\hew\tools\renesas\nc30wa\v544r00\lib30\nc30lib.lib )
@ _i4modu ( c:\program files (x86)\renesas\hew\tools\renesas\nc30wa\v544r00\lib30\nc30lib.lib )
@ _i4mulu ( c:\program files (x86)\renesas\hew\tools\renesas\nc30wa\v544r00\lib30\nc30lib.lib )
@ _i4utof8 ( c:\program files (x86)\renesas\hew\tools\renesas\nc30wa\v544r00\lib30\nc30lib.lib )
@ _ltof ( c:\program files (x86)\renesas\hew\tools\renesas\nc30wa\v544r00\lib30\nc30lib.lib )
@ mdata ( c:\program files (x86)\renesas\hew\tools\renesas\nc30wa\v544r00\lib30\nc30lib.lib )
@ _f8ltor ( c:\program files (x86)\renesas\hew\tools\renesas\nc30wa\v544r00\lib30\nc30lib.lib )
@ _f8rtol ( c:\program files (x86)\renesas\hew\tools\renesas\nc30wa\v544r00\lib30\nc30lib.lib )

*** Mapping List ***

SECTION                            START      END         SIZE   ALIGN

data_SE
                                  00000480  00000480         0   1
bss_SE
                                  00000480  00000480         0   2
data_SO
                                  00000480  00000480         0   1
bss_SO
                                  00000480  00000480         0   1
data_NE
                                  00000480  0000048f        10   2
bss_NE
                                  00000490  0000049f        10   2
data_NO
                                  000004a0  000004a0         1   1
bss_NO
                                  000004a1  000004a1         1   1
stack
                                  000004a2  00000aa1       600   2
heap
                                  00000aa2  00000da1       300   1
rom_NE
                                  0000f000  0000f000         0   1
rom_NO
                                  0000f000  0000f000         0   1
rom_FE
                                  000f4000  000f4000         0   1
rom_FO
                                  000f4000  000f405a        5b   1
data_SEI
                                  000f405c  000f405c         0   2
data_SOI
                                  000f405c  000f405c         0   1
data_NEI
                                  000f405c  000f406b        10   2
data_NOI
                                  000f406c  000f406c         1   1
program
                                  000f406e  000f5ad2      1a65   2
interrupt
                                  000f5ad4  000f5b7a        a7   2
program_S
                                  000f5b7c  000f5b7c         0   2
vector
                                  000ffd00  000ffdff       100   1
fvector
                                  000fffdc  000fffff        24   1

*** Symbol List ***

SECTION=
FILE=                               START        END    SIZE
  SYMBOL                            ADDR        SIZE    INFO      COUNTS  OPT

SECTION=data_SE
FILE=ncrt0
                                  00000480  00000480         0
  __SB__
                                  00000480         0   none ,g         0
  __pool
                                  00000480         0   none ,g         0

SECTION=data_NE
FILE=mdata
                                  00000480  0000048f        10
  __memt
                                  00000488         0   none ,g         0

SECTION=bss_NE
FILE=C:/WorkSpace/Tutor2/Tutor2/QSK62P
                                  00000490  00000497         8
  _disp_count
                                  00000490         2   data ,g         0
  _A2DValue
                                  00000492         2   data ,g         0
  _A2DValuePot
                                  00000494         2   data ,g         0
  _A2DValueTherm
                                  00000496         2   data ,g         0

FILE=mdata
                                  00000498  0000049f         8
  __mnext
                                  00000498         0   none ,g         0
  __msize
                                  0000049c         0   none ,g         0

SECTION=bss_NO
FILE=ncrt0
                                  000004a1  000004a1         0
  _A2DProcessed
                                  000004a1         1   data ,g         0

SECTION=program
FILE=C:/WorkSpace/Tutor2/Tutor2/Interrupts
                                  000f406e  000f4102        95
  _A2DInterrupt
                                  000f406e         5   func ,g         0
  _UART0TransmitInterrupt
                                  000f4074         6   func ,g         0
  _DMA0Interrupt
                                  000f407a         6   func ,g         0
  _UART0ReceiveInterrupt
                                  000f4080        1d   func ,g         0
  _TimerA1Interrupt
                                  000f409c        43   func ,g         0
  _TimerA2Interrupt
                                  000f40e0         6   func ,g         0
  _KeyBoardInterrupt
                                  000f40e6         6   func ,g         0
  _WakeUpInterrupt
                                  000f40ec         6   func ,g         0
  _RTCInterrupt
                                  000f40f2         6   func ,g         0
  _TimerB0Interrupt
                                  000f40f8         6   func ,g         0

FILE=C:/WorkSpace/Tutor2/Tutor2/LCD
                                  000f4104  000f4903       800
  _InitDisplay
                                  000f4104        bd   func ,g         0
  _BNSPrintf
                                  000f41c2       5b0   func ,g         0
  $BNSPutch
                                  000f4772        58   func ,g         0
  $DisplayString
                                  000f47ca        5f   func ,g         0
  $LCD_write
                                  000f4828        ae   func ,g         0
  _DisplayDelay
                                  000f48d6        2e   func ,g         0

FILE=C:/WorkSpace/Tutor2/Tutor2/MCUInit
                                  000f4904  000f4970        6d
  _MCUInit
                                  000f4904        44   func ,g         0
  _InitUART
                                  000f4948        29   func ,g         0

FILE=C:/WorkSpace/Tutor2/Tutor2/QSK62P
                                  000f4972  000f4aa4       133
  _main
                                  000f4972        e9   func ,g         0

FILE=_f8add
                                  000f4aa6  000f53c0       91b
  __f8add
                                  000f4aa6       6dd   func ,g         0

FILE=_f8ge
                                  000f53c2  000f5468        a7
  __f8ge
                                  000f53c2        a7   func ,g         0

FILE=_f8mul
                                  000f546a  000f5730       2c7
  __f8mul
                                  000f546a       2c7   func ,g         0

FILE=_f8sub
                                  000f5732  000f5759        28
  __f8sub
                                  000f5732        28   func ,g         0

FILE=_f8toi4u
                                  000f575a  000f577e        25
  __f8toi4U
                                  000f575a        25   func ,g         0

FILE=_ftol
                                  000f5780  000f5890       111
  $_ftol
                                  000f5780       111   func ,g         0

FILE=_i4divu
                                  000f5892  000f58de        4d
  __i4divU
                                  000f5892        4d   func ,g         0

FILE=_i4modu
                                  000f58e0  000f592a        4b
  __i4modU
                                  000f58e0        4b   func ,g         0

FILE=_i4mulu
                                  000f592c  000f5947        1c
  __i4mulU
                                  000f592c        1c   func ,g         0

FILE=_i4utof8
                                  000f5948  000f5969        22
  __i4Utof8
                                  000f5948        22   func ,g         0

FILE=_ltof
                                  000f596a  000f5a3d        d4
  $_ltof
                                  000f596a        d4   func ,g         0

FILE=_f8ltor
                                  000f5a3e  000f5a91        54
  $_f8ltor
                                  000f5a3e        54   func ,g         0

FILE=_f8rtol
                                  000f5a92  000f5ad2        41
  $_f8rtol
                                  000f5a92        41   func ,g         0

SECTION=interrupt
FILE=ncrt0
                                  000f5ad4  000f5b7a        a7
  $exit
                                  000f5b78         0   none ,g         0
  _exit
                                  000f5b78         0   none ,g         0
  dummy_int
                                  000f5b7a         0   none ,g         0

